# serializer version: 1
# name: test_acp_agent_help_output[AgentpoolACPAgentConfig]
  '''
  === AgentpoolACPAgentConfig ===
  
  Command: agentpool serve-acp
  
  CLI Help Output:
  ----------------------------------------------------------------------
  Usage: agentpool serve-acp [OPTIONS] [CONFIG]                                  
                                                                                  
   Run agents as an ACP (Agent Client Protocol) server.                           
                                                                                  
   This creates an ACP-compatible JSON-RPC 2.0 server that communicates over      
   stdio                                                                          
   streams, enabling your agents to work with desktop applications that support   
   the Agent Client Protocol.                                                     
                                                                                  
   Configuration:                                                                 
   Config file is optional. Without a config file, creates a general-purpose      
   agent with default settings. This is useful for clients/installers that        
   start agents directly without configuration support.                           
                                                                                  
   Agent Selection:                                                               
   Use --agent to specify which agent to use by name. Without this option,        
   the pool's default agent is used (set via 'default_agent' in config,           
   or falls back to the first agent).                                             
                                                                                  
   Agent Mode Switching:                                                          
   If your config defines multiple agents, the IDE will show a mode selector      
   allowing users to switch between agents mid-conversation. Each agent appears   
   as a different "mode" with its own name and capabilities.                      
                                                                                  
  ╭─ Arguments ──────────────────────────────────────────────────────────────────╮
  │   config      [CONFIG]  Path to agent configuration (optional)               │
  ╰──────────────────────────────────────────────────────────────────────────────╯
  ╭─ Options ────────────────────────────────────────────────────────────────────╮
  │ --file-access          --no-file-acce…                      Enable file      │
  │                                                             system access    │
  │                                                             for agents       │
  │                                                             [default:        │
  │                                                             file-access]     │
  │ --terminal-access      --no-terminal-…                      Enable terminal  │
  │                                                             access for       │
  │                                                             agents           │
  │                                                             [default:        │
  │                                                             terminal-access] │
  │ --show-messages                                             Show message     │
  │                                                             activity in logs │
  │ --debug-messages                                            Save raw         │
  │                                                             JSON-RPC         │
  │                                                             messages to      │
  │                                                             debug file       │
  │ --debug-file                              TEXT              File to save     │
  │                                                             JSON-RPC debug   │
  │                                                             messages         │
  │                                                             (default:        │
  │                                                             acp-debug.jsonl) │
  │ --debug-commands                                            Enable debug     │
  │                                                             slash commands   │
  │                                                             for testing ACP  │
  │                                                             notifications    │
  │ --agent                                   TEXT              Name of specific │
  │                                                             agent to use     │
  │                                                             (defaults to     │
  │                                                             pool's default   │
  │                                                             agent)           │
  │ --skills               --no-skills                          Load client-side │
  │                                                             skills from      │
  │                                                             .claude/skills   │
  │                                                             directory        │
  │                                                             [default:        │
  │                                                             skills]          │
  │ --transport        -t                     [stdio|websocket  Transport type:  │
  │                                           ]                 stdio (default)  │
  │                                                             or websocket     │
  │                                                             [default: stdio] │
  │ --ws-host                                 TEXT              WebSocket host   │
  │                                                             (only used with  │
  │                                                             --transport      │
  │                                                             websocket)       │
  │                                                             [default:        │
  │                                                             localhost]       │
  │ --ws-port                                 INTEGER           WebSocket port   │
  │                                                             (only used with  │
  │                                                             --transport      │
  │                                                             websocket)       │
  │                                                             [default: 8765]  │
  │ --mcp-config                              TEXT              MCP servers      │
  │                                                             configuration as │
  │                                                             JSON (format:    │
  │                                                             {"mcpServers":   │
  │                                                             {...}})          │
  │ --help                                                      Show this        │
  │                                                             message and      │
  │                                                             exit.            │
  ╰──────────────────────────────────────────────────────────────────────────────╯
  '''
# ---
# name: test_acp_agent_help_output[AmpACPAgentConfig]
  '''
  === AmpACPAgentConfig ===
  
  Command: npx
  
  CLI Help Output:
  ----------------------------------------------------------------------
  Run a command from a local or remote npm package
  
  Usage:
  npm exec -- <pkg>[@<version>] [args...]
  npm exec --package=<pkg>[@<version>] -- <cmd> [args...]
  npm exec -c '<cmd> [args...]'
  npm exec --package=foo -c '<cmd> [args...]'
  
  Options:
  [--package <package-spec> [--package <package-spec> ...]] [-c|--call <call>]
  [-w|--workspace <workspace-name> [-w|--workspace <workspace-name> ...]]
  [--workspaces] [--include-workspace-root]
  
  alias: x
  
  Run "npm help exec" for more info
  '''
# ---
# name: test_acp_agent_help_output[AuggieACPAgentConfig]
  '''
  === AuggieACPAgentConfig ===
  
  Command: auggie
  
  CLI Help Output:
  ----------------------------------------------------------------------
  Usage: auggie [instruction] [options]
  
  Auggie — Augment CLI Agent. Run interactive or automated tasks in your terminal.
  
  Input
    [instruction]                Positional instruction
    -i, --instruction <text>     Instruction (mutually exclusive with --instruction-file)
    -if, --instruction-file <p>  Instruction file (mutually exclusive with --instruction)
    --image <path...>            Image file(s) to attach (PNG, JPEG, GIF, WEBP)
  
  Output & Interaction
    -p, --print                  Print mode (one-shot). Note that the indexing confirmation
                                 prompt is skipped in print mode. Only use --print from a
                                 workspace root that you want to index.
    -q, --quiet                  Only show final assistant message
    --output-format <format>     Output format (only works with --print): "text" (default) or "json"
    -a, --ask                    Enable ask mode for retrieval and non-editing tools only
    --acp                        Enable ACP mode
  
  Configuration Options
    -m, --model <id>             Select model to use
    -w, --workspace-root <path>  Workspace root (auto-detects git root if absent)
    --rules <path>               Additional rules file (repeatable)
    --augment-cache-dir <path>   Cache directory (default: ~/.augment)
    --retry-timeout <sec>        Timeout for rate-limit retries (seconds)
    --max-turns <n>              Limit the number of agentic turns (only works with --print)
    --allow-indexing             Skip the indexing confirmation screen in interactive mode
  
  Session Options
    -c, --continue               Continue from the most recent session
    -r, --resume [sessionId]     Resume a specific session by ID or prefix (omit to pick interactively)
    --dont-save-session          Do not save conversation history
  
  Authentication Options
    --augment-token-file <path>  Path to file containing authentication token
    --github-api-token <path>    Path to file containing GitHub API token
  
  Tools & Integrations
    --mcp-config <cfg>           MCP server configuration (repeatable)
    --permission <rule>          Set tool permissions with 'tool-name:policy' format (repeatable)
                                 Command-line permissions take precedence over settings permissions
                                 Possible policies: allow, deny, ask-user, webhook-policy(url), script-policy(path)
    --remove-tool <tool-name>    Remove a specific tool by name (repeatable)
                                 Command-line removed tools take precedence over settings
    --shell <name>               Select shell: bash | zsh | fish | powershell
    --startup-script <script>    Inline startup script to run before each command
    --startup-script-file <path> Load startup script from file
  
  Environment Variables
    AUGMENT_SESSION_AUTH  OAuth session data (same format as ~/.augment/session.json)
    GITHUB_API_TOKEN      GitHub API token
  
  For more information, visit: https://docs.augmentcode.com
  
  Commands
    login                        Authenticate with Augment using OAuth
    logout                       Log out of Augment and remove stored OAuth session
    token                        Manage authentication tokens
    session                      Manage CLI sessions
    model                        Model-related operations
    account                      View account and billing information
    upgrade                      Upgrade auggie to the latest version
    command                      Run, list, or get help for custom commands
    mcp                          Manage MCP servers
    tools                        Manage tool settings (list/enable/disable tools)
  
    For more help on a command: auggie <command> --help
  '''
# ---
# name: test_acp_agent_help_output[CagentACPAgentConfig]
  '''
  === CagentACPAgentConfig ===
  
  Command: cagent acp
  
  CLI Help Output:
  ----------------------------------------------------------------------
  Start an ACP server that exposes the agent via the Agent Client Protocol
  
  Usage:
    cagent acp <agent-file>|<registry-ref> [flags]
  
  Examples:
    cagent acp ./agent.yaml
    cagent acp ./team.yaml
    cagent acp agentcatalog/pirate
  
  Flags:
        --code-mode-tools         Provide a single tool to call other tools via Javascript
        --env-from-file strings   Set environment variables from file
    -h, --help                    help for acp
        --models-gateway string   Set the models gateway address
        --working-dir string      Set the working directory for the session (applies to tools and relative paths)
  
  Global Flags:
    -d, --debug             Enable debug logging
        --log-file string   Path to debug log file (default: ~/.cagent/cagent.debug.log; only used with --debug)
    -o, --otel              Enable OpenTelemetry tracing
  '''
# ---
# name: test_acp_agent_help_output[ClaudeACPAgentConfig]
  '''
  === ClaudeACPAgentConfig ===
  
  Command: claude-code-acp
  
  CLI Help Output:
  ----------------------------------------------------------------------
  (Unable to capture help - command 'claude-code-acp' not found or doesn't support --help)
  '''
# ---
# name: test_acp_agent_help_output[CodexACPAgentConfig]
  '''
  === CodexACPAgentConfig ===
  
  Command: npx @zed-industries/codex-acp
  
  CLI Help Output:
  ----------------------------------------------------------------------
  CLI option that captures arbitrary configuration overrides specified as `-c key=value`. It
  intentionally keeps both halves **unparsed** so that the calling code can decide how to interpret
  the right-hand side
  
  Usage: codex-acp [OPTIONS]
  
  Options:
    -c, --config <key=value>
            Override a configuration value that would otherwise be loaded from `~/.codex/config.toml`.
            Use a dotted path (`foo.bar.baz`) to override nested values. The `value` portion is parsed
            as TOML. If it fails to parse as TOML, the raw string is used as a literal.
            
            Examples: - `-c model="o3"` - `-c 'sandbox_permissions=["disk-full-read-access"]'` - `-c
            shell_environment_policy.inherit=all`
  
    -h, --help
            Print help (see a summary with '-h')
  '''
# ---
# name: test_acp_agent_help_output[CursorACPAgentConfig]
  '''
  === CursorACPAgentConfig ===
  
  Command: cursor-agent-acp
  
  CLI Help Output:
  ----------------------------------------------------------------------
  Usage: cursor-agent-acp [options] [command]
  
  Agent Client Protocol adapter for Cursor CLI
  
  Options:
    -V, --version             output the version number
    -c, --config <path>       path to configuration file
    -l, --log-level <level>   logging level (error, warn, info, debug) (default:
                              "info")
    --log-file <path>         log file path (logs to stderr by default)
    -s, --session-dir <path>  session storage directory (default:
                              "~/.cursor-sessions")
    -t, --timeout <ms>        cursor-agent timeout in milliseconds (default:
                              "30000")
    -r, --retries <count>     number of retries for cursor-agent commands
                              (default: "3")
    --max-sessions <count>    maximum number of concurrent sessions (default:
                              "100")
    --session-timeout <ms>    session timeout in milliseconds (default: "3600000")
    --no-filesystem           disable filesystem tools
    --no-terminal             disable terminal tools
    --max-processes <count>   maximum number of terminal processes (default: "5")
    -v, --verbose             enable verbose logging
    -q, --quiet               suppress all output except errors
    --validate                validate configuration and exit
    --test-cursor             test cursor-agent connectivity and exit
    -h, --help                display help for command
  
  Commands:
    auth                      Authentication commands
  '''
# ---
# name: test_acp_agent_help_output[FastAgentACPAgentConfig]
  '''
  Error creating instance: 1 validation error for FastAgentACPAgentConfig
  model
    Field required [type=missing, input_value={}, input_type=dict]
      For further information visit https://errors.pydantic.dev/2.12/v/missing
  '''
# ---
# name: test_acp_agent_help_output[GeminiACPAgentConfig]
  '''
  === GeminiACPAgentConfig ===
  
  Command: gemini
  
  CLI Help Output:
  ----------------------------------------------------------------------
  Usage: gemini [options] [command]
  
  Gemini CLI - Launch an interactive CLI, use -p/--prompt for non-interactive mode
  
  Commands:
    gemini [query..]             Launch Gemini CLI  [default]
    gemini mcp                   Manage MCP servers
    gemini extensions <command>  Manage Gemini CLI extensions.  [aliases: extension]
  
  Positionals:
    query  Positional prompt. Defaults to one-shot; use -i/--prompt-interactive for interactive.
  
  Options:
    -d, --debug                     Run in debug mode?  [boolean] [default: false]
    -m, --model                     Model  [string]
    -p, --prompt                    Prompt. Appended to input on stdin (if any).  [deprecated: Use the positional prompt instead. This flag will be removed in a future version.] [string]
    -i, --prompt-interactive        Execute the provided prompt and continue in interactive mode  [string]
    -s, --sandbox                   Run in sandbox?  [boolean]
    -y, --yolo                      Automatically accept all actions (aka YOLO mode, see https://www.youtube.com/watch?v=xvFZjo5PgG0 for more details)?  [boolean] [default: false]
        --approval-mode             Set the approval mode: default (prompt for approval), auto_edit (auto-approve edit tools), yolo (auto-approve all tools)  [string] [choices: "default", "auto_edit", "yolo"]
        --experimental-acp          Starts the agent in ACP mode  [boolean]
        --allowed-mcp-server-names  Allowed MCP server names  [array]
        --allowed-tools             Tools that are allowed to run without confirmation  [array]
    -e, --extensions                A list of extensions to use. If not provided, all extensions are used.  [array]
    -l, --list-extensions           List all available extensions and exit.  [boolean]
    -r, --resume                    Resume a previous session. Use "latest" for most recent or index number (e.g. --resume 5)  [string]
        --list-sessions             List available sessions for the current project and exit.  [boolean]
        --delete-session            Delete a session by index number (use --list-sessions to see available sessions).  [string]
        --include-directories       Additional directories to include in the workspace (comma-separated or multiple --include-directories)  [array]
        --screen-reader             Enable screen reader mode for accessibility.  [boolean]
    -o, --output-format             The format of the CLI output.  [string] [choices: "text", "json", "stream-json"]
    -v, --version                   Show version number  [boolean]
    -h, --help                      Show help  [boolean]
  '''
# ---
# name: test_acp_agent_help_output[GooseACPAgentConfig]
  '''
  === GooseACPAgentConfig ===
  
  Command: goose acp
  
  CLI Help Output:
  ----------------------------------------------------------------------
  Run goose as an ACP agent server on stdio
  
  Usage: goose acp
  
  Options:
    -h, --help  Print help
  '''
# ---
# name: test_acp_agent_help_output[KimiACPAgentConfig]
  '''
  === KimiACPAgentConfig ===
  
  Command: kimi
  
  CLI Help Output:
  ----------------------------------------------------------------------
  Usage: kimi [OPTIONS]                                                          
                                                                                  
   Kimi, your next CLI agent.                                                     
                                                                                  
  ╭─ Options ────────────────────────────────────────────────────────────────────╮
  │ --version              -V                             Show version and exit. │
  │ --verbose                                             Print verbose          │
  │                                                       information. Default:  │
  │                                                       no.                    │
  │ --debug                                               Log debug information. │
  │                                                       Default: no.           │
  │ --agent-file                      FILE                Custom agent           │
  │                                                       specification file.    │
  │                                                       Default: builtin       │
  │                                                       default agent.         │
  │ --model                -m         TEXT                LLM model to use.      │
  │                                                       Default: default model │
  │                                                       set in config file.    │
  │ --work-dir             -w         DIRECTORY           Working directory for  │
  │                                                       the agent. Default:    │
  │                                                       current directory.     │
  │ --continue             -C                             Continue the previous  │
  │                                                       session for the        │
  │                                                       working directory.     │
  │                                                       Default: no.           │
  │ --command,--query      -c,-q      TEXT                User query to the      │
  │                                                       agent. Default: prompt │
  │                                                       interactively.         │
  │ --print                                               Run in print mode      │
  │                                                       (non-interactive).     │
  │                                                       Note: print mode       │
  │                                                       implicitly adds        │
  │                                                       `--yolo`.              │
  │ --acp                                                 Run as ACP server.     │
  │ --wire                                                Run as Wire server     │
  │                                                       (experimental).        │
  │ --input-format                    [text|stream-json]  Input format to use.   │
  │                                                       Must be used with      │
  │                                                       `--print` and the      │
  │                                                       input must be piped in │
  │                                                       via stdin. Default:    │
  │                                                       text.                  │
  │ --output-format                   [text|stream-json]  Output format to use.  │
  │                                                       Must be used with      │
  │                                                       `--print`. Default:    │
  │                                                       text.                  │
  │ --mcp-config-file                 FILE                MCP config file to     │
  │                                                       load. Add this option  │
  │                                                       multiple times to      │
  │                                                       specify multiple MCP   │
  │                                                       configs. Default:      │
  │                                                       none.                  │
  │ --mcp-config                      TEXT                MCP config JSON to     │
  │                                                       load. Add this option  │
  │                                                       multiple times to      │
  │                                                       specify multiple MCP   │
  │                                                       configs. Default:      │
  │                                                       none.                  │
  │ --yolo,--yes,--auto-…  -y                             Automatically approve  │
  │                                                       all actions. Default:  │
  │                                                       no.                    │
  │ --thinking                                            Enable thinking mode   │
  │                                                       if supported. Default: │
  │                                                       same as last time.     │
  │ --help                 -h                             Show this message and  │
  │                                                       exit.                  │
  ╰──────────────────────────────────────────────────────────────────────────────╯
  '''
# ---
# name: test_acp_agent_help_output[MistralACPAgentConfig]
  '''
  === MistralACPAgentConfig ===
  
  Command: vibe-acp
  
  CLI Help Output:
  ----------------------------------------------------------------------
  usage: vibe-acp [-h] [-v] [--setup]
  
  Run Mistral Vibe in ACP mode
  
  options:
    -h, --help     show this help message and exit
    -v, --version  show program's version number and exit
    --setup        Setup API key and exit
  '''
# ---
# name: test_acp_agent_help_output[OpenCodeACPAgentConfig]
  '''
  === OpenCodeACPAgentConfig ===
  
  Command: opencode acp
  
  CLI Help Output:
  ----------------------------------------------------------------------
  opencode acp
  
  start ACP (Agent Client Protocol) server
  
  Options:
    -h, --help        show help                                                              [boolean]
    -v, --version     show version number                                                    [boolean]
        --print-logs  print logs to stderr                                                   [boolean]
        --log-level   log level                   [string] [choices: "DEBUG", "INFO", "WARN", "ERROR"]
        --port        port to listen on                                          [number] [default: 0]
        --hostname    hostname to listen on                            [string] [default: "127.0.0.1"]
        --mdns        enable mDNS service discovery (defaults hostname to 0.0.0.0)
                                                                            [boolean] [default: false]
        --cors        additional domains to allow for CORS                       [array] [default: []]
        --cwd         working directory           [string] [default: "/home/phil65/dev/oss/agentpool"]
  '''
# ---
# name: test_acp_agent_help_output[OpenHandsACPAgentConfig]
  '''
  === OpenHandsACPAgentConfig ===
  
  Command: openhands acp
  
  CLI Help Output:
  ----------------------------------------------------------------------
  usage: openhands acp [-h]
  
  options:
    -h, --help  show this help message and exit
  '''
# ---
# name: test_acp_agent_help_output[StakpakACPAgentConfig]
  '''
  === StakpakACPAgentConfig ===
  
  Command: stakpak acp
  
  CLI Help Output:
  ----------------------------------------------------------------------
  Start Agent Client Protocol server (for editor integration)
  
  Usage: stakpak acp [OPTIONS]
  
  Options:
        --system-prompt-file <SYSTEM_PROMPT_FILE>  Read system prompt from file
    -h, --help                                     Print help
  '''
# ---
# name: test_acp_agent_help_output[VTCodeACPAgentConfig]
  '''
  === VTCodeACPAgentConfig ===
  
  Command: vtcode acp
  
  CLI Help Output:
  ----------------------------------------------------------------------
  Advanced coding agent with Decision Ledger
  
  Features:
  • Single-agent architecture with Decision Ledger for reliable task execution
  • Tree-sitter powered code analysis (Rust, Python, JavaScript, TypeScript, Go, Java)
  • Multi-provider LLM support (Gemini, OpenAI, Anthropic, DeepSeek)
  • Real-time performance monitoring and benchmarking
  • Enhanced security with tool policies and sandboxing
  • Research-preview context management and conversation compression
  
  Quick Start:
    export GEMINI_API_KEY="your_key"
    vtcode chat
  
  Usage: vtcode [OPTIONS] [WORKSPACE] [COMMAND]
  
  Commands:
    chat               **Interactive AI coding assistant** with advanced capabilities
    ask                **Single prompt mode** - prints model reply without tools
    chat-verbose       **Verbose interactive chat** with enhanced transparency
    analyze            **Analyze workspace** with tree-sitter integration
    performance        **Display performance metrics** and system status\n\n**Shows:**\n• Token usage and API costs\n• Response times and latency\n• Tool execution statistics\n• Memory usage patterns\n\n**Usage:** vtcode performance
    trajectory         Pretty-print trajectory logs and show basic analytics
    benchmark          **Benchmark against SWE-bench evaluation framework**
    create-project     **Create complete Rust project with advanced features**
    compress-context   **Compress conversation context** for long-running sessions
    revert             **Revert agent to a previous snapshot
    snapshots          **List all available snapshots**
    cleanup-snapshots  **Clean up old snapshots**
    init               **Initialize project** with enhanced dot-folder structure
    init-project       **Initialize project with dot-folder structure** - sets up ~/.vtcode/projects/<project-name> structure
    config             **Generate configuration file - creates a vtcode.toml configuration file
    tool-policy        **Manage tool execution policies** - control which tools the agent can use
    models             **Manage models and providers** - configure and switch between LLM providers\n\n**Features:**\n• Support for latest models (DeepSeek, etc.)\n• Provider configuration and testing\n• Model performance comparison\n• API key management\n\n**Examples:**\n  vtcode models list\n  vtcode models set-provider deepseek\n  vtcode models set-model deepseek-reasoner
    security           **Security and safety management**\n\n**Features:**\n• Security scanning and vulnerability detection\n• Audit logging and monitoring\n• Access control management\n• Privacy protection settings\n\n**Usage:** vtcode security
    tree-sitter        **Tree-sitter code analysis tools**\n\n**Features:**\n• AST-based code parsing\n• Symbol extraction and navigation\n• Code complexity analysis\n• Multi-language refactoring\n\n**Usage:** vtcode tree-sitter
    man                **Generate or display man pages** for VTCode commands\n\n**Features:**\n• Generate Unix man pages for all commands\n• Display detailed command documentation\n• Save man pages to files\n• Comprehensive help for all VTCode features\n\n**Examples:**\n  vtcode man\n  vtcode man chat\n  vtcode man chat --output chat.1
    help               Print this message or the help of the given subcommand(s)
  
  Arguments:
    [WORKSPACE]
            Optional positional path to run vtcode against a different workspace
  
  Options:
        --color <WHEN>
            Controls when to use color
            
            [default: auto]
            [possible values: auto, always, never]
  
        --model <MODEL>
            LLM Model ID with latest model support
            
            Available providers & models: • gemini-2.5-flash-preview-05-20 - Latest fast Gemini model (default) • gemini-2.5-flash - Fast, cost-effective • gemini-2.5-pro - Latest, most capable • gpt-5 - OpenAI's latest • claude-sonnet-4-5 - Anthropic's latest • qwen/qwen3-4b-2507 - Qwen3 local model • deepseek-reasoner - DeepSeek reasoning model • x-ai/grok-code-fast-1 - OpenRouter Grok fast coding model • qwen/qwen3-coder - OpenRouter Qwen3 Coder optimized for IDE usage • grok-2-latest - xAI Grok flagship model
  
        --provider <PROVIDER>
            **LLM Provider** with expanded support
            
            Available providers: • gemini - Google Gemini (default) • openai - OpenAI GPT models • anthropic - Anthropic Claude models • deepseek - DeepSeek models • openrouter - OpenRouter marketplace models • xai - xAI Grok models
            
            Example: --provider deepseek
  
        --api-key-env <API_KEY_ENV>
            **API key environment variable**\n\n**Auto-detects based on provider:**\n• Gemini: `GEMINI_API_KEY`\n• OpenAI: `OPENAI_API_KEY`\n• Anthropic: `ANTHROPIC_API_KEY`\n• DeepSeek: `DEEPSEEK_API_KEY`\n• OpenRouter: `OPENROUTER_API_KEY`\n• xAI: `XAI_API_KEY`\n\n**Override:** --api-key-env CUSTOM_KEY
            
            [default: GEMINI_API_KEY]
  
        --workspace <PATH>
            **Workspace root directory for file operations**
            
            Security: All file operations restricted to this path Default: Current directory
  
        --enable-tree-sitter
            **Enable tree-sitter code analysis**
            
            Features: • AST-based code parsing • Symbol extraction and navigation • Intelligent refactoring suggestions • Multi-language support (Rust, Python, JS, TS, Go, Java)
  
        --performance-monitoring
            **Enable performance monitoring**
            
            Tracks: • Token usage and API costs • Response times and latency • Tool execution metrics • Memory usage patterns
  
        --research-preview
            **Enable research-preview features**
            
            Includes: • Advanced context compression • Conversation summarization • Enhanced error recovery • Decision transparency tracking
  
        --security-level <SECURITY_LEVEL>
            **Security level** for tool execution
            
            Options: • strict - Maximum security, prompt for all tools • moderate - Balance security and usability • permissive - Minimal restrictions (not recommended)
            
            [default: moderate]
  
        --show-file-diffs
            **Show diffs for file changes in chat interface**
            
            Features: • Real-time diff rendering • Syntax highlighting • Line-by-line changes • Before/after comparison
  
        --max-concurrent-ops <MAX_CONCURRENT_OPS>
            **Maximum concurrent async operations**
            
            Default: 5 Higher values: Better performance but more resource usage
            
            [default: 5]
  
        --api-rate-limit <API_RATE_LIMIT>
            **Maximum API requests per minute**
            
            Default: 30 Purpose: Prevents rate limiting
            
            [default: 30]
  
        --max-tool-calls <MAX_TOOL_CALLS>
            **Maximum tool calls per session**
            
            Default: 10 Purpose: Prevents runaway execution
            
            [default: 10]
  
        --debug
            **Enable debug output for troubleshooting**
            
            Shows: • Tool call details • API request/response • Internal agent state • Performance metrics
  
        --verbose
            **Enable verbose logging**
            
            Includes: • Detailed operation logs • Context management info • Agent coordination details
  
        --config <CONFIG>
            **Configuration file path**
            
            Supported formats: TOML Default locations: ./vtcode.toml, ~/.vtcode/vtcode.toml
  
        --log-level <LOG_LEVEL>
            Log level (error, warn, info, debug, trace)
            
            Default: info
            
            [default: info]
  
        --no-color
            Disable color output
            
            Useful for: Log files, CI/CD pipelines
  
        --theme <THEME>
            Select UI theme for ANSI styling (e.g., ciapre-dark, ciapre-blue)
  
        --skip-confirmations
            **Skip safety confirmations**
            
            Warning: Reduces security, use with caution
  
        --full-auto
            **Enable full-auto mode (no interaction)**
            
            Runs the agent without pausing for approvals. Requires enabling in configuration.
  
    -h, --help
            Print help (see a summary with '-h')
  
    -V, --version
            Print version
  '''
# ---
